--------------------
2023-12-19 12:29:52.720078 -> Вызвана функция flat_generator с аргументами ([['a', 'b', 'c'], ['d', 'e', 'f', 'h', False], [1, 2, None]],) и {}. Результат вызова: <generator object flat_generator at 0x0000029E539636B0>
--------------------
2023-12-19 12:29:52.720078 -> Вызвана функция flat_generator с аргументами ([['a', 'b', 'c'], ['d', 'e', 'f', 'h', False], [1, 2, None]],) и {}. Результат вызова: <generator object flat_generator at 0x0000029E539636B0>
--------------------
2023-12-19 12:29:52.721276 -> Вызвана функция flat_generator с аргументами ([['a', 'b', 'c'], ['d', 'e', 'f', 'h', False], [1, 2, None]],) и {}. Результат вызова: <generator object flat_generator at 0x0000029E539636B0>
